// Jest Snapshot v1, https://goo.gl/fbAQLP

exports[`Render app without crash Rendering <Header /> 1`] = `
<styled.div>
  <styled.div>
    <h1>
      <Styled(GatsbyLink)
        to="/"
      >
        Gatsby
      </Styled(GatsbyLink)>
    </h1>
  </styled.div>
</styled.div>
`;
